// Jest Snapshot v1, https://goo.gl/fbAQLP

exports[`NavMenu it matches snapshot 1`] = `
<div
  class="container"
  data-testid="progress-bar"
>
  <div
    class="progress"
    style="width: 0%;"
  />
</div>
`;
