// Jest Snapshot v1, https://goo.gl/fbAQLP

exports[`PointOfInterestButton it matches snapshot 1`] = `
<div>
  <div
    aria-label="pointsOfInterest.undefined"
    class="navItem"
    role="button"
  >
    pointsOfInterest.undefined
  </div>
</div>
`;
